// Jest Snapshot v1, https://goo.gl/fbAQLP

exports[`life 1`] = `
Object {
  "status": "ok",
}
`;
